====================================================================
File: 2-matrix_divided.txt                                         =
Desc: This file contains most possible edge cases for the function =
      ``matrix_divided`` in the ``2-matrix_divided`` module        =
====================================================================

Result: All elements of the ``matrix`` should be divided by ``div``,
rounded to 2 decimal places.

Let's test the function by giving the expected inputs. Note that, the
function returns the new matrix with the operation original_matrix
divided by the parameter ``div``, which is the divisor.

>>> matrix_divided = __import__('2-matrix_divided').matrix_divided

>>> matrix = [
...    [1, 2, 3],
...    [4, 5, 6]
...    ]

>>> matrix_divided(matrix, 3)
[[0.33, 0.67, 1.0], [1.33, 1.67, 2.0]]

>>> matrix_divided(matrix, 0)
Traceback (most recent call last):
...
ZeroDivisionError: division by zero

>>> matrix = [1, 2, 3]
>>> matrix_divided(matrix, 1)
Traceback (most recent call last):
...
TypeError: matrix must be a matrix (list of lists) of integers/floats
